// Jest Snapshot v1, https://goo.gl/fbAQLP

exports[`data-types should select all data types (type) should match snapshot 1`] = `"{ int8: GetDataType<string, false>; bigint: GetDataType<string, false>; bigserial: GetDataType<string, false>; serial8: GetDataType<string, false>; bit: GetDataType<string, false>; bitVarying: GetDataType<string, false>; varbit: GetDataType<string, false>; boolean: GetDataType<boolean, false>; bool: GetDataType<boolean, false>; box: GetDataType<string, false>; bytea: GetDataType<Buffer, false>; character: GetDataType<string, false>; char: GetDataType<string, false>; characterVarying: GetDataType<string, false>; varchar: GetDataType<string, false>; circle: GetDataType<{ x: number; y: number; radius: number; }, false>; cidr: GetDataType<string, false>; caseInsensitiveText: GetDataType<string, false>; citext: GetDataType<string, false>; date: GetDataType<Date, false>; doublePrecision: GetDataType<number, false>; float8: GetDataType<number, false>; inet: GetDataType<string, false>; decimal: GetDataType<string, false>; integer: GetDataType<number, false>; int: GetDataType<number, false>; int4: GetDataType<number, false>; interval: GetDataType<unknown, false>; json: GetDataType<unknown, false>; jsonb: GetDataType<unknown, false>; line: GetDataType<string, false>; lseg: GetDataType<string, false>; macaddr: GetDataType<string, false>; macaddr8: GetDataType<string, false>; money: GetDataType<string, false>; numeric: GetDataType<string, false>; point: GetDataType<{ x: number; y: number; }, false>; path: GetDataType<string, false>; pgLsn: GetDataType<string, false>; polygon: GetDataType<string, false>; real: GetDataType<number, false>; float4: GetDataType<number, false>; smallint: GetDataType<number, false>; int2: GetDataType<number, false>; serial: GetDataType<number, false>; serial4: GetDataType<number, false>; smallserial: GetDataType<number, false>; serial2: GetDataType<number, false>; text: GetDataType<string, false>; time: GetDataType<string, false>; timeWithoutTimeZone: GetDataType<string, false>; timeWithTimeZone: GetDataType<string, false>; timestamp: GetDataType<Date, false>; timestamptz: GetDataType<Date, false>; timestampWithoutTimeZone: GetDataType<Date, false>; timestampWithTimeZone: GetDataType<Date, false>; tsquery: GetDataType<string, false>; tsvector: GetDataType<string, false>; txidSnapshot: GetDataType<string, false>; uuid: GetDataType<string, false>; xml: GetDataType<string, false>; enumType: GetDataType<\\"A\\" | \\"B\\" | \\"C\\", false>; }"`;
