// Jest Snapshot v1, https://goo.gl/fbAQLP

exports[`insert check should insert and await affect count (type) should match snapshot 1`] = `"number"`;

exports[`insert check should insert and returning count (type) should match snapshot 1`] = `"number"`;

exports[`insert check should insert default column (type) should match snapshot 1`] = `"number"`;

exports[`insert check should insert multiple rows and returning count (type) should match snapshot 1`] = `"number"`;

exports[`insert check should insert-returning and await rows (type) should match snapshot 1`] = `"{ name: string; }[]"`;

exports[`insert check should not insert invalid type in known column (type) should match snapshot 1`] = `"Type 'number' is not assignable to type 'string'."`;

exports[`insert check should not insert multiple rows with invalid colums (type) should match snapshot 1`] = `
"Type '{ name: string; asd: number; }' is not assignable to type '{ name: string; } & { id?: string; createDate?: Date; name?: string; value?: number; }'.
  Object literal may only specify known properties, and 'asd' does not exist in type '{ name: string; } & { id?: string; createDate?: Date; name?: string; value?: number; }'."
`;

exports[`insert check should not insert unknown column (type) should match snapshot 1`] = `
"Argument of type '{ name: string; asd: string; }' is not assignable to parameter of type '({ name: string; } & { id?: string; createDate?: Date; name?: string; value?: number; }) | ({ name: string; } & { id?: string; createDate?: Date; name?: string; value?: number; })[]'.
  Object literal may only specify known properties, and 'asd' does not exist in type '({ name: string; } & { id?: string; createDate?: Date; name?: string; value?: number; }) | ({ name: string; } & { id?: string; createDate?: Date; name?: string; value?: number; })[]'."
`;
